c:\users\danne\desktop\acg\project\milestone 2\gameengine\gameengine\gameengine\debug\vc143.pdb
c:\users\danne\desktop\acg\project\milestone 2\gameengine\gameengine\gameengine\debug\vc143.idb
c:\users\danne\desktop\acg\project\milestone 2\gameengine\gameengine\gameengine\debug\texture.obj
c:\users\danne\desktop\acg\project\milestone 2\gameengine\gameengine\gameengine\debug\shader.obj
c:\users\danne\desktop\acg\project\milestone 2\gameengine\gameengine\gameengine\debug\mesh.obj
c:\users\danne\desktop\acg\project\milestone 2\gameengine\gameengine\gameengine\debug\meshloaderobj.obj
c:\users\danne\desktop\acg\project\milestone 2\gameengine\gameengine\gameengine\debug\main.obj
c:\users\danne\desktop\acg\project\milestone 2\gameengine\gameengine\gameengine\debug\window.obj
c:\users\danne\desktop\acg\project\milestone 2\gameengine\gameengine\gameengine\debug\camera.obj
c:\users\danne\desktop\acg\project\milestone 2\gameengine\gameengine\gameengine\debug\collisionmanager.obj
c:\users\danne\desktop\acg\project\milestone 2\gameengine\gameengine\debug\gameengine.exe
c:\users\danne\desktop\acg\project\milestone 2\gameengine\gameengine\debug\gameengine.pdb
c:\users\danne\desktop\acg\project\milestone 2\gameengine\gameengine\gameengine\debug\gameengine.ilk
c:\users\danne\desktop\acg\project\milestone 2\gameengine\gameengine\gameengine\debug\gameengine.tlog\cl.command.1.tlog
c:\users\danne\desktop\acg\project\milestone 2\gameengine\gameengine\gameengine\debug\gameengine.tlog\cl.items.tlog
c:\users\danne\desktop\acg\project\milestone 2\gameengine\gameengine\gameengine\debug\gameengine.tlog\cl.read.1.tlog
c:\users\danne\desktop\acg\project\milestone 2\gameengine\gameengine\gameengine\debug\gameengine.tlog\cl.write.1.tlog
c:\users\danne\desktop\acg\project\milestone 2\gameengine\gameengine\gameengine\debug\gameengine.tlog\link.command.1.tlog
c:\users\danne\desktop\acg\project\milestone 2\gameengine\gameengine\gameengine\debug\gameengine.tlog\link.read.1.tlog
c:\users\danne\desktop\acg\project\milestone 2\gameengine\gameengine\gameengine\debug\gameengine.tlog\link.secondary.1.tlog
c:\users\danne\desktop\acg\project\milestone 2\gameengine\gameengine\gameengine\debug\gameengine.tlog\link.write.1.tlog
